error[E0609]: no field `s` on type `&'static str`
  --> $DIR/parse_key.rs:13:16
   |
13 |     edn!({ "".s : true });
   |                ^

error: aborting due to previous error

For more information about this error, try `rustc --explain E0609`.
