error: no rules expected the token `:`
  --> $DIR/unexpected_colon.rs:13:13
   |
13 |     edn!({ : true });
   |             ^ no rules expected this token in macro call

error: aborting due to previous error

