error: no rules expected the token `,`
  --> $DIR/unexpected_comma.rs:13:17
   |
13 |     edn!({ "a" , "b": true });
   |                 ^ no rules expected this token in macro call

error: aborting due to previous error

